Component: ARM Compiler 5.06 update 6 (build 750) Tool: armlink [4d35ed]

==============================================================================

Section Cross References

    main.o(.text) refers to malloc.o(i.malloc) for malloc
    main.o(.text) refers to usart.o(.text) for USART_init
    main.o(.text) refers to node.o(.text) for removeHeadFromList
    main.o(.text) refers to main.o(.data) for globalList
    usart.o(.text) refers to memcpya.o(.text) for __aeabi_memcpy
    stm32f0xx_it.o(.text) refers to node.o(.text) for addDataToList
    stm32f0xx_it.o(.text) refers to stm32f0xx_it.o(.data) for ticks
    stm32f0xx_it.o(.text) refers to main.o(.data) for globalList
    node.o(.text) refers to malloc.o(i.malloc) for malloc
    node.o(.text) refers to malloc.o(i.free) for free
    startup_stm32f0xx.o(RESET) refers to startup_stm32f0xx.o(STACK) for __initial_sp
    startup_stm32f0xx.o(RESET) refers to startup_stm32f0xx.o(.text) for Reset_Handler
    startup_stm32f0xx.o(RESET) refers to stm32f0xx_it.o(.text) for NMI_Handler
    startup_stm32f0xx.o(.text) refers to system_stm32f0xx.o(.text) for SystemInit
    startup_stm32f0xx.o(.text) refers to entry.o(.ARM.Collect$$$$00000000) for __main
    system_stm32f0xx.o(.text) refers to uidiv.o(.text) for __aeabi_uidivmod
    system_stm32f0xx.o(.text) refers to system_stm32f0xx.o(.data) for SystemCoreClock
    entry.o(.ARM.Collect$$$$00000000) refers (Special) to entry10a.o(.ARM.Collect$$$$0000000D) for __rt_final_cpp
    entry.o(.ARM.Collect$$$$00000000) refers (Special) to entry11a.o(.ARM.Collect$$$$0000000F) for __rt_final_exit
    entry.o(.ARM.Collect$$$$00000000) refers (Special) to entry7b.o(.ARM.Collect$$$$00000008) for _main_clock
    entry.o(.ARM.Collect$$$$00000000) refers (Special) to entry8b.o(.ARM.Collect$$$$0000000A) for _main_cpp_init
    entry.o(.ARM.Collect$$$$00000000) refers (Special) to entry9a.o(.ARM.Collect$$$$0000000B) for _main_init
    entry.o(.ARM.Collect$$$$00000000) refers (Special) to entry5.o(.ARM.Collect$$$$00000004) for _main_scatterload
    entry.o(.ARM.Collect$$$$00000000) refers (Special) to entry2.o(.ARM.Collect$$$$00000001) for _main_stk
    malloc.o(i.free) refers to mvars.o(.data) for __microlib_freelist
    malloc.o(i.malloc) refers to mvars.o(.data) for __microlib_freelist_initialised
    malloc.o(i.malloc) refers to mvars.o(.data) for __microlib_freelist
    malloc.o(i.malloc) refers to startup_stm32f0xx.o(HEAP) for __heap_base
    mallocr.o(i.__free$realloc) refers to mvars.o(.data) for __microlib_freelist
    mallocr.o(i.__malloc$realloc) refers to mallocr.o(i.internal_alloc) for internal_alloc
    mallocr.o(i.__malloc$realloc) refers to mvars.o(.data) for __microlib_freelist_initialised
    mallocr.o(i.__malloc$realloc) refers to startup_stm32f0xx.o(HEAP) for __heap_base
    mallocr.o(i.__malloc$realloc) refers to mvars.o(.data) for __microlib_freelist
    mallocr.o(i.internal_alloc) refers to memcpya.o(.text) for __aeabi_memcpy
    mallocr.o(i.internal_alloc) refers to mvars.o(.data) for __microlib_freelist
    mallocr.o(i.realloc) refers to mallocr.o(i.__free$realloc) for __free$realloc
    mallocr.o(i.realloc) refers to mallocr.o(i.internal_alloc) for internal_alloc
    mallocr.o(i.realloc) refers to mallocr.o(i.__malloc$realloc) for __malloc$realloc
    mallocr.o(i.realloc) refers to mvars.o(.data) for __microlib_freelist
    malloca.o(i.__aligned_malloc) refers to mvars.o(.data) for __microlib_freelist
    malloca.o(i.__aligned_malloc) refers to mvars.o(.data) for __microlib_freelist_initialised
    malloca.o(i.__aligned_malloc) refers to startup_stm32f0xx.o(HEAP) for __heap_base
    malloca.o(i.__free$memalign) refers to mvars.o(.data) for __microlib_freelist
    malloca.o(i.__malloc$memalign) refers to malloca.o(i.__aligned_malloc) for __aligned_malloc
    mallocra.o(i.__aligned_malloc$realloc) refers to mallocra.o(i.internal_alloc) for internal_alloc
    mallocra.o(i.__aligned_malloc$realloc) refers to startup_stm32f0xx.o(HEAP) for __heap_base
    mallocra.o(i.__aligned_malloc$realloc) refers to mvars.o(.data) for __microlib_freelist
    mallocra.o(i.__aligned_malloc$realloc) refers to mvars.o(.data) for __microlib_freelist_initialised
    mallocra.o(i.__free$realloc$memalign) refers to mvars.o(.data) for __microlib_freelist
    mallocra.o(i.__malloc$realloc$memalign) refers to mallocra.o(i.__aligned_malloc$realloc) for __aligned_malloc$realloc
    mallocra.o(i.__realloc$memalign) refers to mallocra.o(i.__free$realloc$memalign) for __free$realloc$memalign
    mallocra.o(i.__realloc$memalign) refers to mallocra.o(i.internal_alloc) for internal_alloc
    mallocra.o(i.__realloc$memalign) refers to mallocra.o(i.__malloc$realloc$memalign) for __malloc$realloc$memalign
    mallocra.o(i.__realloc$memalign) refers to mvars.o(.data) for __microlib_freelist
    mallocra.o(i.internal_alloc) refers to memcpya.o(.text) for __aeabi_memcpy
    mallocra.o(i.internal_alloc) refers to mvars.o(.data) for __microlib_freelist
    entry2.o(.ARM.Collect$$$$00000001) refers to entry2.o(.ARM.Collect$$$$00002712) for __lit__00000000
    entry2.o(.ARM.Collect$$$$00002712) refers to startup_stm32f0xx.o(STACK) for __initial_sp
    entry2.o(__vectab_stack_and_reset_area) refers to startup_stm32f0xx.o(STACK) for __initial_sp
    entry2.o(__vectab_stack_and_reset_area) refers to entry.o(.ARM.Collect$$$$00000000) for __main
    entry5.o(.ARM.Collect$$$$00000004) refers to init.o(.text) for __scatterload
    entry9a.o(.ARM.Collect$$$$0000000B) refers to main.o(.text) for main
    entry9b.o(.ARM.Collect$$$$0000000C) refers to main.o(.text) for main
    init.o(.text) refers to entry5.o(.ARM.Collect$$$$00000004) for __main_after_scatterload


==============================================================================

Removing Unused input sections from the image.

    Removing main.o(.emb_text), (8 bytes).
    Removing usart.o(.emb_text), (8 bytes).
    Removing usart.o(.data), (1 bytes).
    Removing stm32f0xx_it.o(.emb_text), (8 bytes).
    Removing system_stm32f0xx.o(.emb_text), (8 bytes).

5 unused section(s) (total 33 bytes) removed from the image.

==============================================================================

Image Symbol Table

    Local Symbols

    Symbol Name                              Value     Ov Type        Size  Object(Section)

    ../clib/microlib/division.c              0x00000000   Number         0  uidiv.o ABSOLUTE
    ../clib/microlib/init/entry.s            0x00000000   Number         0  entry10a.o ABSOLUTE
    ../clib/microlib/init/entry.s            0x00000000   Number         0  entry9b.o ABSOLUTE
    ../clib/microlib/init/entry.s            0x00000000   Number         0  entry9a.o ABSOLUTE
    ../clib/microlib/init/entry.s            0x00000000   Number         0  entry8b.o ABSOLUTE
    ../clib/microlib/init/entry.s            0x00000000   Number         0  entry8a.o ABSOLUTE
    ../clib/microlib/init/entry.s            0x00000000   Number         0  entry7b.o ABSOLUTE
    ../clib/microlib/init/entry.s            0x00000000   Number         0  entry.o ABSOLUTE
    ../clib/microlib/init/entry.s            0x00000000   Number         0  entry7a.o ABSOLUTE
    ../clib/microlib/init/entry.s            0x00000000   Number         0  entry2.o ABSOLUTE
    ../clib/microlib/init/entry.s            0x00000000   Number         0  entry5.o ABSOLUTE
    ../clib/microlib/init/entry.s            0x00000000   Number         0  entry10b.o ABSOLUTE
    ../clib/microlib/init/entry.s            0x00000000   Number         0  entry11a.o ABSOLUTE
    ../clib/microlib/init/entry.s            0x00000000   Number         0  entry11b.o ABSOLUTE
    ../clib/microlib/malloc/malloc.c         0x00000000   Number         0  malloc.o ABSOLUTE
    ../clib/microlib/malloc/malloc.c         0x00000000   Number         0  mallocr.o ABSOLUTE
    ../clib/microlib/malloc/malloc.c         0x00000000   Number         0  malloca.o ABSOLUTE
    ../clib/microlib/malloc/malloc.c         0x00000000   Number         0  mallocra.o ABSOLUTE
    ../clib/microlib/malloc/mvars.c          0x00000000   Number         0  mvars.o ABSOLUTE
    ../clib/microlib/string/memcpy.c         0x00000000   Number         0  memcpyb.o ABSOLUTE
    ../clib/microlib/string/memcpy.c         0x00000000   Number         0  memcpya.o ABSOLUTE
    dc.s                                     0x00000000   Number         0  dc.o ABSOLUTE
    handlers.s                               0x00000000   Number         0  handlers.o ABSOLUTE
    init.s                                   0x00000000   Number         0  init.o ABSOLUTE
    src\\main.c                              0x00000000   Number         0  main.o ABSOLUTE
    src\\stm32f0xx_it.c                      0x00000000   Number         0  stm32f0xx_it.o ABSOLUTE
    src\\usart.c                             0x00000000   Number         0  usart.o ABSOLUTE
    src\main.c                               0x00000000   Number         0  main.o ABSOLUTE
    src\node.c                               0x00000000   Number         0  node.o ABSOLUTE
    src\stm32f0xx_it.c                       0x00000000   Number         0  stm32f0xx_it.o ABSOLUTE
    src\usart.c                              0x00000000   Number         0  usart.o ABSOLUTE
    startup\\system_stm32f0xx.c              0x00000000   Number         0  system_stm32f0xx.o ABSOLUTE
    startup\startup_stm32f0xx.s              0x00000000   Number         0  startup_stm32f0xx.o ABSOLUTE
    startup\system_stm32f0xx.c               0x00000000   Number         0  system_stm32f0xx.o ABSOLUTE
    RESET                                    0x08000000   Section      192  startup_stm32f0xx.o(RESET)
    .ARM.Collect$$$$00000000                 0x080000c0   Section        0  entry.o(.ARM.Collect$$$$00000000)
    .ARM.Collect$$$$00000001                 0x080000c0   Section        4  entry2.o(.ARM.Collect$$$$00000001)
    .ARM.Collect$$$$00000004                 0x080000c4   Section        4  entry5.o(.ARM.Collect$$$$00000004)
    .ARM.Collect$$$$00000008                 0x080000c8   Section        0  entry7b.o(.ARM.Collect$$$$00000008)
    .ARM.Collect$$$$0000000A                 0x080000c8   Section        0  entry8b.o(.ARM.Collect$$$$0000000A)
    .ARM.Collect$$$$0000000B                 0x080000c8   Section        8  entry9a.o(.ARM.Collect$$$$0000000B)
    .ARM.Collect$$$$0000000D                 0x080000d0   Section        0  entry10a.o(.ARM.Collect$$$$0000000D)
    .ARM.Collect$$$$0000000F                 0x080000d0   Section        0  entry11a.o(.ARM.Collect$$$$0000000F)
    .ARM.Collect$$$$00002712                 0x080000d0   Section        4  entry2.o(.ARM.Collect$$$$00002712)
    __lit__00000000                          0x080000d0   Data           4  entry2.o(.ARM.Collect$$$$00002712)
    .text                                    0x080000d4   Section        0  main.o(.text)
    .text                                    0x08000234   Section        0  usart.o(.text)
    NVIC_SetPriority                         0x0800037d   Thumb Code   110  usart.o(.text)
    .text                                    0x08000410   Section        0  stm32f0xx_it.o(.text)
    .text                                    0x080004d0   Section        0  node.o(.text)
    .text                                    0x08000574   Section       28  startup_stm32f0xx.o(.text)
    .text                                    0x08000590   Section        0  system_stm32f0xx.o(.text)
    SetSysClock                              0x08000591   Thumb Code   206  system_stm32f0xx.o(.text)
    .text                                    0x08000788   Section        0  uidiv.o(.text)
    .text                                    0x080007b4   Section        0  memcpya.o(.text)
    .text                                    0x080007d8   Section       36  init.o(.text)
    i.__scatterload_copy                     0x080007fc   Section       14  handlers.o(i.__scatterload_copy)
    i.__scatterload_null                     0x0800080a   Section        2  handlers.o(i.__scatterload_null)
    i.__scatterload_zeroinit                 0x0800080c   Section       14  handlers.o(i.__scatterload_zeroinit)
    i.free                                   0x0800081c   Section        0  malloc.o(i.free)
    i.malloc                                 0x08000870   Section        0  malloc.o(i.malloc)
    .data                                    0x20000000   Section        4  main.o(.data)
    .data                                    0x20000004   Section        4  stm32f0xx_it.o(.data)
    ticks                                    0x20000004   Data           4  stm32f0xx_it.o(.data)
    .data                                    0x20000008   Section       20  system_stm32f0xx.o(.data)
    .data                                    0x2000001c   Section        4  mvars.o(.data)
    .data                                    0x20000020   Section        4  mvars.o(.data)
    HEAP                                     0x20000028   Section      512  startup_stm32f0xx.o(HEAP)
    STACK                                    0x20000228   Section     1024  startup_stm32f0xx.o(STACK)

    Global Symbols

    Symbol Name                              Value     Ov Type        Size  Object(Section)

    BuildAttributes$$THM_ISAv3M$S$PE$A:L22$X:L11$S22$IEEE1$IW$USESV6$~STKCKD$USESV7$~SHL$OSPACE$EBA8$MICROLIB$REQ8$PRES8$EABIv2 0x00000000   Number         0  anon$$obj.o ABSOLUTE
    __ARM_use_no_argv                        0x00000000   Number         0  main.o ABSOLUTE
    __cpp_initialize__aeabi_                  - Undefined Weak Reference
    __cxa_finalize                            - Undefined Weak Reference
    __decompress                              - Undefined Weak Reference
    _clock_init                               - Undefined Weak Reference
    _microlib_exit                            - Undefined Weak Reference
    __Vectors_Size                           0x000000c0   Number         0  startup_stm32f0xx.o ABSOLUTE
    __Vectors                                0x08000000   Data           4  startup_stm32f0xx.o(RESET)
    __Vectors_End                            0x080000c0   Data           0  startup_stm32f0xx.o(RESET)
    __main                                   0x080000c1   Thumb Code     0  entry.o(.ARM.Collect$$$$00000000)
    _main_stk                                0x080000c1   Thumb Code     0  entry2.o(.ARM.Collect$$$$00000001)
    _main_scatterload                        0x080000c5   Thumb Code     0  entry5.o(.ARM.Collect$$$$00000004)
    __main_after_scatterload                 0x080000c9   Thumb Code     0  entry5.o(.ARM.Collect$$$$00000004)
    _main_clock                              0x080000c9   Thumb Code     0  entry7b.o(.ARM.Collect$$$$00000008)
    _main_cpp_init                           0x080000c9   Thumb Code     0  entry8b.o(.ARM.Collect$$$$0000000A)
    _main_init                               0x080000c9   Thumb Code     0  entry9a.o(.ARM.Collect$$$$0000000B)
    __rt_final_cpp                           0x080000d1   Thumb Code     0  entry10a.o(.ARM.Collect$$$$0000000D)
    __rt_final_exit                          0x080000d1   Thumb Code     0  entry11a.o(.ARM.Collect$$$$0000000F)
    main                                     0x080000d5   Thumb Code   182  main.o(.text)
    delay                                    0x0800018b   Thumb Code    14  main.o(.text)
    USART_init                               0x08000235   Thumb Code   126  usart.o(.text)
    USART_putc                               0x080002b3   Thumb Code    22  usart.o(.text)
    USART_putstr                             0x080002c9   Thumb Code    34  usart.o(.text)
    USART_getc                               0x080002eb   Thumb Code    46  usart.o(.text)
    USART_getstr                             0x08000319   Thumb Code    70  usart.o(.text)
    USART_clearscreen                        0x0800035f   Thumb Code    30  usart.o(.text)
    NMI_Handler                              0x08000411   Thumb Code     2  stm32f0xx_it.o(.text)
    HardFault_Handler                        0x08000413   Thumb Code     4  stm32f0xx_it.o(.text)
    SVC_Handler                              0x08000417   Thumb Code     2  stm32f0xx_it.o(.text)
    PendSV_Handler                           0x08000419   Thumb Code     2  stm32f0xx_it.o(.text)
    SysTick_Handler                          0x0800041b   Thumb Code    92  stm32f0xx_it.o(.text)
    USART1_IRQHandler                        0x08000477   Thumb Code    72  stm32f0xx_it.o(.text)
    createNode                               0x080004d1   Thumb Code    18  node.o(.text)
    setNextNode                              0x080004e3   Thumb Code     4  node.o(.text)
    addHeadToList                            0x080004e7   Thumb Code     4  node.o(.text)
    removeHeadFromList                       0x080004eb   Thumb Code    56  node.o(.text)
    addNodeToList                            0x08000523   Thumb Code    52  node.o(.text)
    addDataToList                            0x08000557   Thumb Code    24  node.o(.text)
    printList                                0x0800056f   Thumb Code     2  node.o(.text)
    printNode                                0x08000571   Thumb Code     2  node.o(.text)
    Reset_Handler                            0x08000575   Thumb Code     8  startup_stm32f0xx.o(.text)
    ADC1_COMP_IRQHandler                     0x08000587   Thumb Code     0  startup_stm32f0xx.o(.text)
    CEC_IRQHandler                           0x08000587   Thumb Code     0  startup_stm32f0xx.o(.text)
    DMA1_Channel1_IRQHandler                 0x08000587   Thumb Code     0  startup_stm32f0xx.o(.text)
    DMA1_Channel2_3_IRQHandler               0x08000587   Thumb Code     0  startup_stm32f0xx.o(.text)
    DMA1_Channel4_5_IRQHandler               0x08000587   Thumb Code     0  startup_stm32f0xx.o(.text)
    EXTI0_1_IRQHandler                       0x08000587   Thumb Code     0  startup_stm32f0xx.o(.text)
    EXTI2_3_IRQHandler                       0x08000587   Thumb Code     0  startup_stm32f0xx.o(.text)
    EXTI4_15_IRQHandler                      0x08000587   Thumb Code     0  startup_stm32f0xx.o(.text)
    FLASH_IRQHandler                         0x08000587   Thumb Code     0  startup_stm32f0xx.o(.text)
    I2C1_IRQHandler                          0x08000587   Thumb Code     0  startup_stm32f0xx.o(.text)
    I2C2_IRQHandler                          0x08000587   Thumb Code     0  startup_stm32f0xx.o(.text)
    PVD_IRQHandler                           0x08000587   Thumb Code     0  startup_stm32f0xx.o(.text)
    RCC_IRQHandler                           0x08000587   Thumb Code     0  startup_stm32f0xx.o(.text)
    RTC_IRQHandler                           0x08000587   Thumb Code     0  startup_stm32f0xx.o(.text)
    SPI1_IRQHandler                          0x08000587   Thumb Code     0  startup_stm32f0xx.o(.text)
    SPI2_IRQHandler                          0x08000587   Thumb Code     0  startup_stm32f0xx.o(.text)
    TIM14_IRQHandler                         0x08000587   Thumb Code     0  startup_stm32f0xx.o(.text)
    TIM15_IRQHandler                         0x08000587   Thumb Code     0  startup_stm32f0xx.o(.text)
    TIM16_IRQHandler                         0x08000587   Thumb Code     0  startup_stm32f0xx.o(.text)
    TIM17_IRQHandler                         0x08000587   Thumb Code     0  startup_stm32f0xx.o(.text)
    TIM1_BRK_UP_TRG_COM_IRQHandler           0x08000587   Thumb Code     0  startup_stm32f0xx.o(.text)
    TIM1_CC_IRQHandler                       0x08000587   Thumb Code     0  startup_stm32f0xx.o(.text)
    TIM2_IRQHandler                          0x08000587   Thumb Code     0  startup_stm32f0xx.o(.text)
    TIM3_IRQHandler                          0x08000587   Thumb Code     0  startup_stm32f0xx.o(.text)
    TIM6_DAC_IRQHandler                      0x08000587   Thumb Code     0  startup_stm32f0xx.o(.text)
    TS_IRQHandler                            0x08000587   Thumb Code     0  startup_stm32f0xx.o(.text)
    USART2_IRQHandler                        0x08000587   Thumb Code     0  startup_stm32f0xx.o(.text)
    WWDG_IRQHandler                          0x08000587   Thumb Code     0  startup_stm32f0xx.o(.text)
    SystemInit                               0x0800065f   Thumb Code   110  system_stm32f0xx.o(.text)
    SystemCoreClockUpdate                    0x080006cd   Thumb Code   154  system_stm32f0xx.o(.text)
    __aeabi_uidiv                            0x08000789   Thumb Code     0  uidiv.o(.text)
    __aeabi_uidivmod                         0x08000789   Thumb Code    44  uidiv.o(.text)
    __aeabi_memcpy                           0x080007b5   Thumb Code    36  memcpya.o(.text)
    __aeabi_memcpy4                          0x080007b5   Thumb Code     0  memcpya.o(.text)
    __aeabi_memcpy8                          0x080007b5   Thumb Code     0  memcpya.o(.text)
    __scatterload                            0x080007d9   Thumb Code    28  init.o(.text)
    __scatterload_rt2                        0x080007d9   Thumb Code     0  init.o(.text)
    __scatterload_copy                       0x080007fd   Thumb Code    14  handlers.o(i.__scatterload_copy)
    __scatterload_null                       0x0800080b   Thumb Code     2  handlers.o(i.__scatterload_null)
    __scatterload_zeroinit                   0x0800080d   Thumb Code    14  handlers.o(i.__scatterload_zeroinit)
    free                                     0x0800081d   Thumb Code    80  malloc.o(i.free)
    malloc                                   0x08000871   Thumb Code    92  malloc.o(i.malloc)
    Region$$Table$$Base                      0x080008dc   Number         0  anon$$obj.o(Region$$Table)
    Region$$Table$$Limit                     0x080008fc   Number         0  anon$$obj.o(Region$$Table)
    globalList                               0x20000000   Data           4  main.o(.data)
    SystemCoreClock                          0x20000008   Data           4  system_stm32f0xx.o(.data)
    AHBPrescTable                            0x2000000c   Data          16  system_stm32f0xx.o(.data)
    __microlib_freelist                      0x2000001c   Data           4  mvars.o(.data)
    __microlib_freelist_initialised          0x20000020   Data           4  mvars.o(.data)
    __heap_base                              0x20000028   Data           0  startup_stm32f0xx.o(HEAP)
    __heap_limit                             0x20000228   Data           0  startup_stm32f0xx.o(HEAP)
    __initial_sp                             0x20000628   Data           0  startup_stm32f0xx.o(STACK)



==============================================================================

Memory Map of the image

  Image Entry point : 0x080000c1

  Load Region LR_IROM1 (Base: 0x08000000, Size: 0x00000920, Max: 0x00010000, ABSOLUTE)

    Execution Region ER_IROM1 (Exec base: 0x08000000, Load base: 0x08000000, Size: 0x000008fc, Max: 0x00010000, ABSOLUTE)

    Exec Addr    Load Addr    Size         Type   Attr      Idx    E Section Name        Object

    0x08000000   0x08000000   0x000000c0   Data   RO          131    RESET               startup_stm32f0xx.o
    0x080000c0   0x080000c0   0x00000000   Code   RO          158  * .ARM.Collect$$$$00000000  mc_p.l(entry.o)
    0x080000c0   0x080000c0   0x00000004   Code   RO          195    .ARM.Collect$$$$00000001  mc_p.l(entry2.o)
    0x080000c4   0x080000c4   0x00000004   Code   RO          198    .ARM.Collect$$$$00000004  mc_p.l(entry5.o)
    0x080000c8   0x080000c8   0x00000000   Code   RO          200    .ARM.Collect$$$$00000008  mc_p.l(entry7b.o)
    0x080000c8   0x080000c8   0x00000000   Code   RO          202    .ARM.Collect$$$$0000000A  mc_p.l(entry8b.o)
    0x080000c8   0x080000c8   0x00000008   Code   RO          203    .ARM.Collect$$$$0000000B  mc_p.l(entry9a.o)
    0x080000d0   0x080000d0   0x00000000   Code   RO          205    .ARM.Collect$$$$0000000D  mc_p.l(entry10a.o)
    0x080000d0   0x080000d0   0x00000000   Code   RO          207    .ARM.Collect$$$$0000000F  mc_p.l(entry11a.o)
    0x080000d0   0x080000d0   0x00000004   Code   RO          196    .ARM.Collect$$$$00002712  mc_p.l(entry2.o)
    0x080000d4   0x080000d4   0x00000160   Code   RO            2    .text               main.o
    0x08000234   0x08000234   0x000001dc   Code   RO           60    .text               usart.o
    0x08000410   0x08000410   0x000000c0   Code   RO           86    .text               stm32f0xx_it.o
    0x080004d0   0x080004d0   0x000000a2   Code   RO          113    .text               node.o
    0x08000572   0x08000572   0x00000002   PAD
    0x08000574   0x08000574   0x0000001c   Code   RO          132    .text               startup_stm32f0xx.o
    0x08000590   0x08000590   0x000001f8   Code   RO          137    .text               system_stm32f0xx.o
    0x08000788   0x08000788   0x0000002c   Code   RO          161    .text               mc_p.l(uidiv.o)
    0x080007b4   0x080007b4   0x00000024   Code   RO          163    .text               mc_p.l(memcpya.o)
    0x080007d8   0x080007d8   0x00000024   Code   RO          211    .text               mc_p.l(init.o)
    0x080007fc   0x080007fc   0x0000000e   Code   RO          215    i.__scatterload_copy  mc_p.l(handlers.o)
    0x0800080a   0x0800080a   0x00000002   Code   RO          216    i.__scatterload_null  mc_p.l(handlers.o)
    0x0800080c   0x0800080c   0x0000000e   Code   RO          217    i.__scatterload_zeroinit  mc_p.l(handlers.o)
    0x0800081a   0x0800081a   0x00000002   PAD
    0x0800081c   0x0800081c   0x00000054   Code   RO          167    i.free              mc_p.l(malloc.o)
    0x08000870   0x08000870   0x0000006c   Code   RO          168    i.malloc            mc_p.l(malloc.o)
    0x080008dc   0x080008dc   0x00000020   Data   RO          213    Region$$Table       anon$$obj.o


    Execution Region RW_IRAM1 (Exec base: 0x20000000, Load base: 0x080008fc, Size: 0x00000628, Max: 0x00002000, ABSOLUTE)

    Exec Addr    Load Addr    Size         Type   Attr      Idx    E Section Name        Object

    0x20000000   0x080008fc   0x00000004   Data   RW            3    .data               main.o
    0x20000004   0x08000900   0x00000004   Data   RW           87    .data               stm32f0xx_it.o
    0x20000008   0x08000904   0x00000014   Data   RW          138    .data               system_stm32f0xx.o
    0x2000001c   0x08000918   0x00000004   Data   RW          209    .data               mc_p.l(mvars.o)
    0x20000020   0x0800091c   0x00000004   Data   RW          210    .data               mc_p.l(mvars.o)
    0x20000024   0x08000920   0x00000004   PAD
    0x20000028        -       0x00000200   Zero   RW          130    HEAP                startup_stm32f0xx.o
    0x20000228        -       0x00000400   Zero   RW          129    STACK               startup_stm32f0xx.o


==============================================================================

Image component sizes


      Code (inc. data)   RO Data    RW Data    ZI Data      Debug   Object Name

       352        156          0          4          0      90126   main.o
       162          0          0          0          0       2807   node.o
        28          8        192          0       1536        640   startup_stm32f0xx.o
       192         18          0          4          0       1117   stm32f0xx_it.o
       504         34          0         20          0       1743   system_stm32f0xx.o
       476         38          0          0          0       7531   usart.o

    ----------------------------------------------------------------------
      1716        254        224         28       1536     103964   Object Totals
         0          0         32          0          0          0   (incl. Generated)
         2          0          0          0          0          0   (incl. Padding)

    ----------------------------------------------------------------------

      Code (inc. data)   RO Data    RW Data    ZI Data      Debug   Library Member Name

         0          0          0          0          0          0   entry.o
         0          0          0          0          0          0   entry10a.o
         0          0          0          0          0          0   entry11a.o
         8          4          0          0          0          0   entry2.o
         4          0          0          0          0          0   entry5.o
         0          0          0          0          0          0   entry7b.o
         0          0          0          0          0          0   entry8b.o
         8          4          0          0          0          0   entry9a.o
        30          0          0          0          0          0   handlers.o
        36          8          0          0          0         68   init.o
       192         20          0          0          0        144   malloc.o
        36          0          0          0          0         60   memcpya.o
         0          0          0          8          0          0   mvars.o
        44          0          0          0          0         72   uidiv.o

    ----------------------------------------------------------------------
       360         36          0          8          4        344   Library Totals
         2          0          0          0          4          0   (incl. Padding)

    ----------------------------------------------------------------------

      Code (inc. data)   RO Data    RW Data    ZI Data      Debug   Library Name

       358         36          0          8          0        344   mc_p.l

    ----------------------------------------------------------------------
       360         36          0          8          4        344   Library Totals

    ----------------------------------------------------------------------

==============================================================================


      Code (inc. data)   RO Data    RW Data    ZI Data      Debug   

      2076        290        224         36       1540     104108   Grand Totals
      2076        290        224         36       1540     104108   ELF Image Totals
      2076        290        224         36          0          0   ROM Totals

==============================================================================

    Total RO  Size (Code + RO Data)                 2300 (   2.25kB)
    Total RW  Size (RW Data + ZI Data)              1576 (   1.54kB)
    Total ROM Size (Code + RO Data + RW Data)       2336 (   2.28kB)

==============================================================================

